// Vitest Snapshot v1, https://vitest.dev/guide/snapshot.html

exports[`matches snapshot 1`] = `
<DocumentFragment>
  <div
    class="App"
  >
    <div
      id="Navbar"
    >
      <a
        href="/"
        id="Navbar-logo"
      >
        Yodlr Home
      </a>
      <a
        class="Navbar-navlink"
        href="/signup"
      >
        Signup
      </a>
      <a
        class="Navbar-navlink"
        href="/admin"
      >
        Admin
      </a>
    </div>
    <div
      id="UserList"
    >
      <form
        id="EditUserForm"
      >
        <h3
          id="EditUserForm-header"
        >
          Edit User Form
        </h3>
        <label
          for="email"
        >
          Email: 
        </label>
        <input
          id="email"
          name="email"
          type="text"
          value=""
        />
        <label
          for="firstName"
        >
          First Name: 
        </label>
        <input
          id="firstName"
          name="firstName"
          type="text"
          value=""
        />
        <label
          for="lastName"
        >
          Last Name: 
        </label>
        <input
          id="lastName"
          name="lastName"
          type="text"
          value=""
        />
        <button>
          Submit
        </button>
      </form>
      <h1
        id="UserList-header"
      >
        User List
      </h1>
      <table
        id="UserList-table"
      >
        <thead>
          <tr>
            <th>
              Email
            </th>
            <th>
              First Name
            </th>
            <th>
              Last Name
            </th>
            <th />
            <th />
            <th />
          </tr>
        </thead>
        <tbody />
      </table>
    </div>
  </div>
</DocumentFragment>
`;
