// Vitest Snapshot v1, https://vitest.dev/guide/snapshot.html

exports[`matches the snapshot 1`] = `
<DocumentFragment>
  <p
    class="Home"
  >
    Welcome to Yodlr
  </p>
</DocumentFragment>
`;
