// Vitest Snapshot v1, https://vitest.dev/guide/snapshot.html

exports[`matches the snapshot 1`] = `
<DocumentFragment>
  <div
    id="Navbar"
  >
    <a
      href="/"
      id="Navbar-logo"
    >
      Yodlr Home
    </a>
    <a
      class="Navbar-navlink"
      href="/signup"
    >
      Signup
    </a>
    <a
      class="Navbar-navlink"
      href="/admin"
    >
      Admin
    </a>
  </div>
</DocumentFragment>
`;
